// Jest Snapshot v1, https://goo.gl/fbAQLP

exports[`MeanWorkloadByUser.vue renders the component and matches snapshot 1`] = `
"<gcontainer-stub class=\\"mean-workload-by-user\\">
  <v-row-stub tag=\\"div\\" align=\\"center\\" justify=\\"end\\" class=\\"mt-2\\" style=\\"width: 100%;\\">
    <v-col-stub cols=\\"12\\" sm=\\"6\\" md=\\"2\\" tag=\\"div\\">
      <v-menu-stub opendelay=\\"0\\" closedelay=\\"0\\" returnvalue=\\"2024-08-08\\" openonclick=\\"true\\" contentclass=\\"\\" maxwidth=\\"auto\\" minwidth=\\"auto\\" nudgebottom=\\"0\\" nudgeleft=\\"0\\" nudgeright=\\"0\\" nudgetop=\\"0\\" nudgewidth=\\"0\\" closeonclick=\\"true\\" maxheight=\\"auto\\" offsety=\\"true\\" origin=\\"top left\\" transition=\\"scale-transition\\">
        <v-date-picker-stub notitle=\\"true\\" width=\\"290\\" eventcolor=\\"warning\\" firstdayofweek=\\"0\\" localefirstdayofyear=\\"0\\" nexticon=\\"$next\\" nextmontharialabel=\\"$vuetify.datePicker.nextMonthAriaLabel\\" nextyeararialabel=\\"$vuetify.datePicker.nextYearAriaLabel\\" previcon=\\"$prev\\" prevmontharialabel=\\"$vuetify.datePicker.prevMonthAriaLabel\\" prevyeararialabel=\\"$vuetify.datePicker.prevYearAriaLabel\\" scrollable=\\"true\\" showcurrent=\\"true\\" selecteditemstext=\\"$vuetify.datePicker.itemsSelected\\" type=\\"date\\" value=\\"2024-08-08\\">
          <v-spacer-stub tag=\\"div\\"></v-spacer-stub>
          <v-btn-stub color=\\"primary\\" tag=\\"button\\" activeclass=\\"\\" text=\\"true\\" type=\\"button\\">
            Cancel
          </v-btn-stub>
          <v-btn-stub color=\\"primary\\" tag=\\"button\\" activeclass=\\"\\" text=\\"true\\" type=\\"button\\">
            OK
          </v-btn-stub>
        </v-date-picker-stub>
      </v-menu-stub>
    </v-col-stub>
    <v-col-stub cols=\\"12\\" sm=\\"6\\" md=\\"2\\" tag=\\"div\\">
      <v-menu-stub opendelay=\\"0\\" closedelay=\\"0\\" openonclick=\\"true\\" contentclass=\\"\\" maxwidth=\\"auto\\" minwidth=\\"auto\\" nudgebottom=\\"0\\" nudgeleft=\\"0\\" nudgeright=\\"0\\" nudgetop=\\"0\\" nudgewidth=\\"0\\" closeonclick=\\"true\\" maxheight=\\"auto\\" offsety=\\"true\\" origin=\\"top left\\" transition=\\"scale-transition\\">
        <v-date-picker-stub notitle=\\"true\\" width=\\"290\\" eventcolor=\\"warning\\" firstdayofweek=\\"0\\" localefirstdayofyear=\\"0\\" nexticon=\\"$next\\" nextmontharialabel=\\"$vuetify.datePicker.nextMonthAriaLabel\\" nextyeararialabel=\\"$vuetify.datePicker.nextYearAriaLabel\\" previcon=\\"$prev\\" prevmontharialabel=\\"$vuetify.datePicker.prevMonthAriaLabel\\" prevyeararialabel=\\"$vuetify.datePicker.prevYearAriaLabel\\" scrollable=\\"true\\" showcurrent=\\"true\\" selecteditemstext=\\"$vuetify.datePicker.itemsSelected\\" type=\\"date\\">
          <v-spacer-stub tag=\\"div\\"></v-spacer-stub>
          <v-btn-stub color=\\"primary\\" tag=\\"button\\" activeclass=\\"\\" text=\\"true\\" type=\\"button\\">
            Cancel
          </v-btn-stub>
          <v-btn-stub color=\\"primary\\" tag=\\"button\\" activeclass=\\"\\" text=\\"true\\" type=\\"button\\">
            OK
          </v-btn-stub>
        </v-date-picker-stub>
      </v-menu-stub>
    </v-col-stub>
    <v-col-stub cols=\\"12\\" sm=\\"12\\" md=\\"1\\" tag=\\"div\\" style=\\"text-align: center;\\">
      <div>
        <v-btn-stub color=\\"primary\\" dark=\\"true\\" tag=\\"button\\" activeclass=\\"\\" large=\\"true\\" block=\\"true\\" type=\\"button\\" center=\\"\\">
          Buscar
        </v-btn-stub>
      </div>
    </v-col-stub>
  </v-row-stub>
  <div>
    <v-card-stub loaderheight=\\"4\\" tag=\\"div\\" class=\\"px-2 py-2\\" style=\\"height: 560px;\\">
      <div type=\\"bar\\" height=\\"100%\\" series=\\"[object Object]\\" options=\\"[object Object]\\"></div>
    </v-card-stub>
    <v-card-stub loaderheight=\\"4\\" tag=\\"div\\" class=\\"mt-8 px-4\\" style=\\"width: 100%;\\">
      <v-row-stub tag=\\"div\\">
        <v-col-stub tag=\\"div\\">
          <v-text-field-stub errorcount=\\"1\\" errormessages=\\"\\" messages=\\"\\" rules=\\"\\" successmessages=\\"\\" value=\\"\\" backgroundcolor=\\"\\" label=\\"Filtre usuários (por nome)\\" prependicon=\\"mdi-magnify\\" loaderheight=\\"2\\" clearicon=\\"$clear\\" type=\\"text\\"></v-text-field-stub>
        </v-col-stub>
      </v-row-stub>
    </v-card-stub>
    <v-expansion-panels-stub valuecomparator=\\"[Function]\\" value=\\"\\" activeclass=\\"v-item--active\\" multiple=\\"true\\" tag=\\"div\\" class=\\"mb-8\\">
      <v-expansion-panel-stub flat=\\"\\">
        <v-expansion-panel-header-stub expandicon=\\"$expand\\" class=\\"text-h6 ml-3 mean-workload-by-user__user-title\\">
          <v-row-stub tag=\\"div\\" style=\\"display: flex; flex-direction: row; justify-content: space-between;\\">
            <h6 style=\\"width: 33%;\\">
              Milena Matos
            </h6>
            <h6 style=\\"width: 33%;\\">
              milena@email.com
            </h6>
            <div class=\\"mr-4\\">
              <h6>
                165 minutos
              </h6>
              <v-chip-stub color=\\"red\\" activeclass=\\"\\" tag=\\"span\\" active=\\"true\\" closeicon=\\"$delete\\" closelabel=\\"$vuetify.close\\" filtericon=\\"$complete\\" style=\\"width: 100%; height: 5px;\\"></v-chip-stub>
            </div>
          </v-row-stub>
        </v-expansion-panel-header-stub>
        <v-expansion-panel-content-stub>
          <div type=\\"line\\" height=\\"550\\" options=\\"[object Object]\\" series=\\"[object Object]\\"></div>
        </v-expansion-panel-content-stub>
      </v-expansion-panel-stub>
    </v-expansion-panels-stub>
    <div class=\\"my-4\\">
      <div style=\\"display: flex; align-items: center;\\">
        <v-chip-stub color=\\"red\\" activeclass=\\"\\" tag=\\"span\\" active=\\"true\\" closeicon=\\"$delete\\" closelabel=\\"$vuetify.close\\" filtericon=\\"$complete\\" class=\\"mr-2\\" style=\\"width: 30px; height: 12px;\\"></v-chip-stub>
        <h4>
          Até 75% do valor mais alto
        </h4>
      </div>
      <div style=\\"display: flex; align-items: center;\\">
        <v-chip-stub color=\\"yellow\\" activeclass=\\"\\" tag=\\"span\\" active=\\"true\\" closeicon=\\"$delete\\" closelabel=\\"$vuetify.close\\" filtericon=\\"$complete\\" class=\\"mr-2\\" style=\\"width: 30px; height: 12px;\\"></v-chip-stub>
        <h4>
          De 25% a 75% comparado com o valor mais alto
        </h4>
      </div>
      <div style=\\"display: flex; align-items: center;\\">
        <v-chip-stub color=\\"green\\" activeclass=\\"\\" tag=\\"span\\" active=\\"true\\" closeicon=\\"$delete\\" closelabel=\\"$vuetify.close\\" filtericon=\\"$complete\\" class=\\"mr-2\\" style=\\"width: 30px; height: 12px;\\"></v-chip-stub>
        <h4>
          Menos que 25% do valor mais alto
        </h4>
      </div>
    </div>
  </div>
</gcontainer-stub>"
`;
